<?xml version="1.0" encoding="utf-8"?>
<TestRun id="2b9a1869-7d8b-490d-8a25-38e89d7b214a" name="runner@BUILDHOST 2026-09-20 22:36:21" runUser="BUILDHOST\runner" xmlns="http://microsoft.com/schemas/VisualStudio/TeamTest/2010">
  <Times creation="2026-09-20T22:36:21.5487142+02:00" queuing="2026-09-20T22:36:21.5487148+02:00" start="2026-09-20T22:36:20.1669221+02:00" finish="2026-09-20T22:36:21.5618047+02:00" />
  <TestSettings name="default" id="f03d208d-a76d-457a-a055-cafd2054802f">
    <Deployment runDeploymentRoot="runner_BUILDHOST_2026-09-20_22_36_21" />
  </TestSettings>
  <Results>
    <UnitTestResult executionId="fa88acf4-75af-423b-8a65-6bcc86771922" testId="0eac2f94-f037-aa35-d8ab-d09415d650a9" testName="Fix.SampleTests.WithOutput" computerName="BUILDHOST" duration="00:00:00.0055625" startTime="2026-09-20T22:36:21.4532778+02:00" endTime="2026-09-20T22:36:21.4532779+02:00" testType="13cdc9d9-ddb5-4fa4-a97d-d965ccfc6d4b" outcome="Passed" testListId="8c84fa94-04c1-424b-9868-57a2d4851a1d" relativeResultsDirectory="fa88acf4-75af-423b-8a65-6bcc86771922" />
    <UnitTestResult executionId="7007f853-f97c-4e21-afcb-5b2dfe8b9ccc" testId="7633856d-1b64-ef3c-6413-8ebb8d7ea84d" testName="Fix.SampleTests.Theory(n: 2)" computerName="BUILDHOST" duration="00:00:00.0021875" startTime="2026-09-20T22:36:21.4517057+02:00" endTime="2026-09-20T22:36:21.4517066+02:00" testType="13cdc9d9-ddb5-4fa4-a97d-d965ccfc6d4b" outcome="Failed" testListId="8c84fa94-04c1-424b-9868-57a2d4851a1d" relativeResultsDirectory="7007f853-f97c-4e21-afcb-5b2dfe8b9ccc">
      <Output>
        <ErrorInfo>
          <Message>Assert.Equal() Failure: Values differ&#xD;
Expected: 1&#xD;
Actual:   2</Message>
          <StackTrace>   at Fix.SampleTests.Theory(Int32 n) in C:\Users\runner\AppData\Local\Temp\culfix\X\Tests.cs:line 12&#xD;
   at InvokeStub_SampleTests.Theory(Object, Span`1)&#xD;
   at System.Reflection.MethodBaseInvoker.InvokeWithOneArg(Object obj, BindingFlags invokeAttr, Binder binder, Object[] parameters, CultureInfo culture)</StackTrace>
        </ErrorInfo>
      </Output>
    </UnitTestResult>
    <UnitTestResult executionId="e69ff1a0-09ba-4d9f-8d4f-6cbdb0cc25f5" testId="972db82f-3040-3784-6568-9378a569a80f" testName="Fix.SampleTests.Passes" computerName="BUILDHOST" duration="00:00:00.0000601" startTime="2026-09-20T22:36:21.4529508+02:00" endTime="2026-09-20T22:36:21.4529508+02:00" testType="13cdc9d9-ddb5-4fa4-a97d-d965ccfc6d4b" outcome="Passed" testListId="8c84fa94-04c1-424b-9868-57a2d4851a1d" relativeResultsDirectory="e69ff1a0-09ba-4d9f-8d4f-6cbdb0cc25f5" />
    <UnitTestResult executionId="134b1e4b-fa3e-49f1-89ab-7ff0b2b5ea91" testId="e4eb7934-cfd5-1f5d-d2e7-a3133bb35ddb" testName="Fix.SampleTests.Skipped" computerName="BUILDHOST" duration="00:00:00.0010000" startTime="2026-09-20T22:36:21.4555580+02:00" endTime="2026-09-20T22:36:21.4555581+02:00" testType="13cdc9d9-ddb5-4fa4-a97d-d965ccfc6d4b" outcome="NotExecuted" testListId="8c84fa94-04c1-424b-9868-57a2d4851a1d" relativeResultsDirectory="134b1e4b-fa3e-49f1-89ab-7ff0b2b5ea91">
      <Output>
        <ErrorInfo>
          <Message>not now</Message>
        </ErrorInfo>
      </Output>
    </UnitTestResult>
    <UnitTestResult executionId="afe7a16c-efb5-400f-a393-b00b92e1e4b9" testId="38d82777-e16d-2a8a-4aa2-a714baf54389" testName="Fix.SampleTests.Theory(n: 1)" computerName="BUILDHOST" duration="00:00:00.1228515" startTime="2026-09-20T22:36:21.4217875+02:00" endTime="2026-09-20T22:36:21.4218019+02:00" testType="13cdc9d9-ddb5-4fa4-a97d-d965ccfc6d4b" outcome="Passed" testListId="8c84fa94-04c1-424b-9868-57a2d4851a1d" relativeResultsDirectory="afe7a16c-efb5-400f-a393-b00b92e1e4b9" />
    <UnitTestResult executionId="e3e14abd-a666-4764-8667-dd5f078ec9d1" testId="f2f777d4-88fa-65d7-aaaf-3ce6b53a9cfd" testName="Fix.SampleTests.Fails" computerName="BUILDHOST" duration="00:00:00.0027894" startTime="2026-09-20T22:36:21.4525335+02:00" endTime="2026-09-20T22:36:21.4525336+02:00" testType="13cdc9d9-ddb5-4fa4-a97d-d965ccfc6d4b" outcome="Failed" testListId="8c84fa94-04c1-424b-9868-57a2d4851a1d" relativeResultsDirectory="e3e14abd-a666-4764-8667-dd5f078ec9d1">
      <Output>
        <ErrorInfo>
          <Message>Assert.Equal() Failure: Values differ&#xD;
Expected: 1&#xD;
Actual:   2</Message>
          <StackTrace>   at Fix.SampleTests.Fails() in C:\Users\runner\AppData\Local\Temp\culfix\X\Tests.cs:line 9&#xD;
   at System.RuntimeMethodHandle.InvokeMethod(Object target, Void** arguments, Signature sig, Boolean isConstructor)&#xD;
   at System.Reflection.MethodBaseInvoker.InvokeWithNoArgs(Object obj, BindingFlags invokeAttr)</StackTrace>
        </ErrorInfo>
      </Output>
    </UnitTestResult>
    <UnitTestResult executionId="56463915-0d35-475b-b173-75e1765f43dd" testId="4ea47b29-de3f-df6b-ee61-e2f25fcb2bb6" testName="Fix.SampleTests.Throws" computerName="BUILDHOST" duration="00:00:00.0009589" startTime="2026-09-20T22:36:21.4549234+02:00" endTime="2026-09-20T22:36:21.4549234+02:00" testType="13cdc9d9-ddb5-4fa4-a97d-d965ccfc6d4b" outcome="Failed" testListId="8c84fa94-04c1-424b-9868-57a2d4851a1d" relativeResultsDirectory="56463915-0d35-475b-b173-75e1765f43dd">
      <Output>
        <ErrorInfo>
          <Message>System.InvalidOperationException : boom &amp; &lt;xml&gt; "quotes"</Message>
          <StackTrace>   at Fix.SampleTests.Throws() in C:\Users\runner\AppData\Local\Temp\culfix\X\Tests.cs:line 11&#xD;
   at System.RuntimeMethodHandle.InvokeMethod(Object target, Void** arguments, Signature sig, Boolean isConstructor)&#xD;
   at System.Reflection.MethodBaseInvoker.InvokeWithNoArgs(Object obj, BindingFlags invokeAttr)</StackTrace>
        </ErrorInfo>
      </Output>
    </UnitTestResult>
  </Results>
  <TestDefinitions>
    <UnitTest name="Fix.SampleTests.Skipped" storage="c:\users\runner\appdata\local\temp\culfix\x\bin\debug\net8.0\x.dll" id="e4eb7934-cfd5-1f5d-d2e7-a3133bb35ddb">
      <Execution id="134b1e4b-fa3e-49f1-89ab-7ff0b2b5ea91" />
      <TestMethod codeBase="C:\Users\runner\AppData\Local\Temp\culfix\X\bin\Debug\net8.0\X.dll" adapterTypeName="executor://xunit/VsTestRunner2/netcoreapp" className="Fix.SampleTests" name="Skipped" />
    </UnitTest>
    <UnitTest name="Fix.SampleTests.Passes" storage="c:\users\runner\appdata\local\temp\culfix\x\bin\debug\net8.0\x.dll" id="972db82f-3040-3784-6568-9378a569a80f">
      <Execution id="e69ff1a0-09ba-4d9f-8d4f-6cbdb0cc25f5" />
      <TestMethod codeBase="C:\Users\runner\AppData\Local\Temp\culfix\X\bin\Debug\net8.0\X.dll" adapterTypeName="executor://xunit/VsTestRunner2/netcoreapp" className="Fix.SampleTests" name="Passes" />
    </UnitTest>
    <UnitTest name="Fix.SampleTests.WithOutput" storage="c:\users\runner\appdata\local\temp\culfix\x\bin\debug\net8.0\x.dll" id="0eac2f94-f037-aa35-d8ab-d09415d650a9">
      <Execution id="fa88acf4-75af-423b-8a65-6bcc86771922" />
      <TestMethod codeBase="C:\Users\runner\AppData\Local\Temp\culfix\X\bin\Debug\net8.0\X.dll" adapterTypeName="executor://xunit/VsTestRunner2/netcoreapp" className="Fix.SampleTests" name="WithOutput" />
    </UnitTest>
    <UnitTest name="Fix.SampleTests.Throws" storage="c:\users\runner\appdata\local\temp\culfix\x\bin\debug\net8.0\x.dll" id="4ea47b29-de3f-df6b-ee61-e2f25fcb2bb6">
      <Execution id="56463915-0d35-475b-b173-75e1765f43dd" />
      <TestMethod codeBase="C:\Users\runner\AppData\Local\Temp\culfix\X\bin\Debug\net8.0\X.dll" adapterTypeName="executor://xunit/VsTestRunner2/netcoreapp" className="Fix.SampleTests" name="Throws" />
    </UnitTest>
    <UnitTest name="Fix.SampleTests.Theory(n: 2)" storage="c:\users\runner\appdata\local\temp\culfix\x\bin\debug\net8.0\x.dll" id="7633856d-1b64-ef3c-6413-8ebb8d7ea84d">
      <Execution id="7007f853-f97c-4e21-afcb-5b2dfe8b9ccc" />
      <TestMethod codeBase="C:\Users\runner\AppData\Local\Temp\culfix\X\bin\Debug\net8.0\X.dll" adapterTypeName="executor://xunit/VsTestRunner2/netcoreapp" className="Fix.SampleTests" name="Theory" />
    </UnitTest>
    <UnitTest name="Fix.SampleTests.Theory(n: 1)" storage="c:\users\runner\appdata\local\temp\culfix\x\bin\debug\net8.0\x.dll" id="38d82777-e16d-2a8a-4aa2-a714baf54389">
      <Execution id="afe7a16c-efb5-400f-a393-b00b92e1e4b9" />
      <TestMethod codeBase="C:\Users\runner\AppData\Local\Temp\culfix\X\bin\Debug\net8.0\X.dll" adapterTypeName="executor://xunit/VsTestRunner2/netcoreapp" className="Fix.SampleTests" name="Theory" />
    </UnitTest>
    <UnitTest name="Fix.SampleTests.Fails" storage="c:\users\runner\appdata\local\temp\culfix\x\bin\debug\net8.0\x.dll" id="f2f777d4-88fa-65d7-aaaf-3ce6b53a9cfd">
      <Execution id="e3e14abd-a666-4764-8667-dd5f078ec9d1" />
      <TestMethod codeBase="C:\Users\runner\AppData\Local\Temp\culfix\X\bin\Debug\net8.0\X.dll" adapterTypeName="executor://xunit/VsTestRunner2/netcoreapp" className="Fix.SampleTests" name="Fails" />
    </UnitTest>
  </TestDefinitions>
  <TestEntries>
    <TestEntry testId="0eac2f94-f037-aa35-d8ab-d09415d650a9" executionId="fa88acf4-75af-423b-8a65-6bcc86771922" testListId="8c84fa94-04c1-424b-9868-57a2d4851a1d" />
    <TestEntry testId="7633856d-1b64-ef3c-6413-8ebb8d7ea84d" executionId="7007f853-f97c-4e21-afcb-5b2dfe8b9ccc" testListId="8c84fa94-04c1-424b-9868-57a2d4851a1d" />
    <TestEntry testId="972db82f-3040-3784-6568-9378a569a80f" executionId="e69ff1a0-09ba-4d9f-8d4f-6cbdb0cc25f5" testListId="8c84fa94-04c1-424b-9868-57a2d4851a1d" />
    <TestEntry testId="e4eb7934-cfd5-1f5d-d2e7-a3133bb35ddb" executionId="134b1e4b-fa3e-49f1-89ab-7ff0b2b5ea91" testListId="8c84fa94-04c1-424b-9868-57a2d4851a1d" />
    <TestEntry testId="38d82777-e16d-2a8a-4aa2-a714baf54389" executionId="afe7a16c-efb5-400f-a393-b00b92e1e4b9" testListId="8c84fa94-04c1-424b-9868-57a2d4851a1d" />
    <TestEntry testId="f2f777d4-88fa-65d7-aaaf-3ce6b53a9cfd" executionId="e3e14abd-a666-4764-8667-dd5f078ec9d1" testListId="8c84fa94-04c1-424b-9868-57a2d4851a1d" />
    <TestEntry testId="4ea47b29-de3f-df6b-ee61-e2f25fcb2bb6" executionId="56463915-0d35-475b-b173-75e1765f43dd" testListId="8c84fa94-04c1-424b-9868-57a2d4851a1d" />
  </TestEntries>
  <TestLists>
    <TestList name="Ergebnisse nicht in einer Liste" id="8c84fa94-04c1-424b-9868-57a2d4851a1d" />
    <TestList name="Alle geladenen Ergebnisse" id="19431567-8539-422a-85d7-44ee4e166bda" />
  </TestLists>
  <ResultSummary outcome="Failed">
    <Counters total="7" executed="6" passed="3" failed="3" error="0" timeout="0" aborted="0" inconclusive="0" passedButRunAborted="0" notRunnable="0" notExecuted="0" disconnected="0" warning="0" completed="0" inProgress="0" pending="0" />
    <Output>
      <StdOut>[xUnit.net 00:00:00.00] xUnit.net VSTest Adapter v2.5.3.1+6b60a9e56a (64-bit .NET 8.0.26)&#xD;
[xUnit.net 00:00:00.37]   Discovering: X&#xD;
[xUnit.net 00:00:00.42]   Discovered:  X&#xD;
[xUnit.net 00:00:00.42]   Starting:    X&#xD;
[xUnit.net 00:00:00.61]       Assert.Equal() Failure: Values differ&#xD;
[xUnit.net 00:00:00.61]       Expected: 1&#xD;
[xUnit.net 00:00:00.61]       Actual:   2&#xD;
[xUnit.net 00:00:00.61]       Stack Trace:&#xD;
[xUnit.net 00:00:00.61]         C:\Users\runner\AppData\Local\Temp\culfix\X\Tests.cs(12,0): at Fix.SampleTests.Theory(Int32 n)&#xD;
[xUnit.net 00:00:00.61]            at InvokeStub_SampleTests.Theory(Object, Span`1)&#xD;
[xUnit.net 00:00:00.61]            at System.Reflection.MethodBaseInvoker.InvokeWithOneArg(Object obj, BindingFlags invokeAttr, Binder binder, Object[] parameters, CultureInfo culture)&#xD;
[xUnit.net 00:00:00.61]       Assert.Equal() Failure: Values differ&#xD;
[xUnit.net 00:00:00.61]       Expected: 1&#xD;
[xUnit.net 00:00:00.61]       Actual:   2&#xD;
[xUnit.net 00:00:00.61]       Stack Trace:&#xD;
[xUnit.net 00:00:00.61]         C:\Users\runner\AppData\Local\Temp\culfix\X\Tests.cs(9,0): at Fix.SampleTests.Fails()&#xD;
[xUnit.net 00:00:00.61]            at System.RuntimeMethodHandle.InvokeMethod(Object target, Void** arguments, Signature sig, Boolean isConstructor)&#xD;
[xUnit.net 00:00:00.61]            at System.Reflection.MethodBaseInvoker.InvokeWithNoArgs(Object obj, BindingFlags invokeAttr)&#xD;
hello stdout&#xD;
[xUnit.net 00:00:00.61]       System.InvalidOperationException : boom &amp; &lt;xml&gt; "quotes"&#xD;
[xUnit.net 00:00:00.61]       Stack Trace:&#xD;
[xUnit.net 00:00:00.61]         C:\Users\runner\AppData\Local\Temp\culfix\X\Tests.cs(11,0): at Fix.SampleTests.Throws()&#xD;
[xUnit.net 00:00:00.61]            at System.RuntimeMethodHandle.InvokeMethod(Object target, Void** arguments, Signature sig, Boolean isConstructor)&#xD;
[xUnit.net 00:00:00.61]            at System.Reflection.MethodBaseInvoker.InvokeWithNoArgs(Object obj, BindingFlags invokeAttr)&#xD;
[xUnit.net 00:00:00.61]       not now&#xD;
[xUnit.net 00:00:00.62]   Finished:    X&#xD;
Der Test "Fix.SampleTests.Skipped" wurde im Testlauf übersprungen.&#xD;
</StdOut>
    </Output>
    <RunInfos>
      <RunInfo computerName="BUILDHOST" outcome="Error" timestamp="2026-09-20T22:36:21.4508022+02:00">
        <Text>[xUnit.net 00:00:00.61]     Fix.SampleTests.Theory(n: 2) [FAIL]</Text>
      </RunInfo>
      <RunInfo computerName="BUILDHOST" outcome="Error" timestamp="2026-09-20T22:36:21.4526043+02:00">
        <Text>[xUnit.net 00:00:00.61]     Fix.SampleTests.Fails [FAIL]</Text>
      </RunInfo>
      <RunInfo computerName="BUILDHOST" outcome="Error" timestamp="2026-09-20T22:36:21.4548363+02:00">
        <Text>[xUnit.net 00:00:00.61]     Fix.SampleTests.Throws [FAIL]</Text>
      </RunInfo>
      <RunInfo computerName="BUILDHOST" outcome="Warning" timestamp="2026-09-20T22:36:21.4552904+02:00">
        <Text>[xUnit.net 00:00:00.61]     Fix.SampleTests.Skipped [SKIP]</Text>
      </RunInfo>
    </RunInfos>
  </ResultSummary>
</TestRun>